srun: job 28430 queued and waiting for resources
srun: job 28430 has been allocated resources
=========== Nx=64 (GPU-native, 2 GPU npz=2) ===========
=========== Nx=64 (GPU-native, 2 GPU npz=2) ===========
[Tmax] = 0.0078125 | [max_iter] = 2
[rho] = 0.4
Global L2 error = 0.000760892
wall=3.36 s
=========== Nx=128 (GPU-native, 2 GPU npz=2) ===========
[Tmax] = 0.0078125 | [max_iter] = 2
[rho] = 0.4
Global L2 error = 0.000760892
wall=3.45 s
=========== Nx=128 (GPU-native, 2 GPU npz=2) ===========
[Tmax] = 0.0078125 | [max_iter] = 8
[rho] = 0.4
Global L2 error = 0.000186243
wall=4.37 s
=========== Nx=256 (GPU-native, 2 GPU npz=2) ===========
[Tmax] = 0.0078125 | [max_iter] = 8
[rho] = 0.4
Global L2 error = 0.000186243
wall=4.55 s
=========== Nx=256 (GPU-native, 2 GPU npz=2) ===========
[Tmax] = 0.0078125 | [max_iter] = 32
[rho] = 0.4
Global L2 error = 4.64592e-05
wall=11.97 s
=========== Nx=512 (GPU-native, 2 GPU npz=2) ===========
[Tmax] = 0.0078125 | [max_iter] = 32
[rho] = 0.4
Global L2 error = 4.64592e-05
wall=12.14 s
=========== Nx=512 (GPU-native, 2 GPU npz=2) ===========
[Tmax] = 0.0078125 | [max_iter] = 128
[rho] = 0.4
Global L2 error = 1.16241e-05
wall=139.43 s
[Tmax] = 0.0078125 | [max_iter] = 128
[rho] = 0.4
Global L2 error = 1.16241e-05
wall=139.84 s
