=========== Nx=64 (GPU-native, 2 GPU npz=2) ===========
[Tmax] = 0.0078125 | [max_iter] = 2
[rho] = 0.4
Global L2 error = 0.000760892
wall=16.65 s
=========== Nx=128 (GPU-native, 2 GPU npz=2) ===========
[Tmax] = 0.0078125 | [max_iter] = 8
[rho] = 0.4
Global L2 error = 0.000186243
wall=31.14 s
=========== Nx=256 (GPU-native, 2 GPU npz=2) ===========
[Tmax] = 0.0078125 | [max_iter] = 32
[rho] = 0.4
Global L2 error = 4.64592e-05
wall=32.19 s
=========== Nx=512 (GPU-native, 2 GPU npz=2) ===========
[Tmax] = 0.0078125 | [max_iter] = 128
[rho] = 0.4
Global L2 error = 1.16241e-05
wall=81.74 s
